BoomError yakalandi (gecici alici sizmadan)
IndexError yakalandi (yerel liste)
IndexError yakalandi (gecici liste sizmadan)
BoomError yakalandi (serbest fonksiyon, gecici arguman)
BoomError yakalandi (dolayli closure cagrisi, gecici arguman)
BoomError yakalandi (__init__ raise, gecici arguman)
BoomError yakalandi (__init__ raise, alan atandiktan sonra)
IndexError yakalandi (gecici liste indeksleme sizmadan)
IndexError yakalandi (gecici str indeksleme sizmadan)
IndexError yakalandi (gecici listeye indeksle atama sizmadan)
KeyError yakalandi (gecici sozluk anahtari sizmadan)
