setup
teardown
setup
teardown
setup
teardown
setup
teardown
3
1
4
False
<?xml version="1.0" encoding="UTF-8"?>
<testsuite name="demo suite" tests="4" failures="1">
  <testcase name="addition"/>
  <testcase name="broken">
    <failure message="broken: beklenen 5, alinan 4"/>
  </testcase>
  <testcase name="greeting"/>
  <testcase name="truthy"/>
</testsuite>

