OK
alan 'name' en fazla 5 karakter olmali
alan 'email' gecerli bir e-posta degil
alan 'id' gecerli bir uuid degil
alan 'age' en az 18 olmali
alan 'code' desenle eslesmiyor: ^[A-Z][A-Z][0-9]
alan 'address.city' en az 2 karakter olmali
alan 'tags[1]' icin beklenen tip: string
alan 'items[0].qty' en fazla 99 olmali
eksik zorunlu alan: 'items[1].sku'
alan 'items[2]' icin beklenen tip: object
eksik zorunlu alan: 'address'
alan 'address' icin beklenen tip: object
min yalnizca 'number' alanlarina uygulanir: name
pattern yalnizca 'string' alanlarina uygulanir: age
kural bulunamadi: yok
bilinmeyen format: telefon
