[modül]
  (heap tipli bağlama yok)
[metod MyError.__init__]
  self: MyError (parametre) -> ARC (parametre: fonksiyon sınırını zaten geçti)
    tahsis: parametre
    serbest: kapsam sonu
[fonksiyon boom]
  err: MyError -> ARC (raise ile fırlatıldığı için)
    tahsis: var_decl
    serbest: kapsam sonu
