[modül]
  p: Point -> ARC (bir metod çağrısının alıcısı olduğu için)
    tahsis: var_decl
    serbest: kapsam sonu
[metod Point.__init__]
  self: Point (parametre) -> ARC (parametre: fonksiyon sınırını zaten geçti)
    tahsis: parametre
    serbest: kapsam sonu
[metod Point.length_sq]
  self: Point (parametre) -> ARC (parametre: fonksiyon sınırını zaten geçti)
    tahsis: parametre
    serbest: kapsam sonu
