[modül]
  (heap tipli bağlama yok)
[fonksiyon alias_demo]
  original: str -> ARC (başka bir değişkene (isimle) atandığı için (takma ad))
    tahsis: var_decl
    serbest: kapsam sonu
  alias_name: str -> ASAP (kapsam içinde kalıyor (kaçış tespit edilmedi))
    tahsis: var_decl
    serbest: kapsam sonu
